envelopes: $556.40
letterhead: $1983.37
total: $2940.30