frisbees: $19385.38
yo-yos: $1829.00
total: $24608.68
